// Vitest Snapshot v1, https://vitest.dev/guide/snapshot.html

exports[`Home Page Snapshot > should match snapshot of the complete home page with data 1`] = `
<main
  class="flex min-h-screen flex-col items-center bg-gray-900 text-white p-4 md:p-8"
>
  <div
    class="w-full max-w-6xl"
  >
    <h1
      class="text-4xl md:text-5xl font-extrabold tracking-tight text-center mb-4"
    >
      AI 
      <span
        class="text-[hsl(280,100%,70%)]"
      >
        Ensemble
      </span>
    </h1>
    <p
      class="text-center text-gray-400 mb-8"
    >
      Compare. Consensus. Confidence.
    </p>
    <div
      class="space-y-6"
    >
      <div
        class="bg-gray-800 rounded-lg p-6"
      >
        <h2
          class="text-xl font-bold mb-4"
        >
          Configuration
        </h2>
        <div
          class="flex flex-wrap gap-4"
        >
          <div
            class="relative"
          >
            <button
              class="flex items-center gap-2 bg-gray-700 hover:bg-gray-600 text-white px-4 py-2 rounded-lg transition-colors"
            >
              <span>
                ðŸ”§
              </span>
              <span>
                Configure Providers (
                0
                /4)
              </span>
              <span
                class="transform transition-transform "
              >
                â–¼
              </span>
            </button>
          </div>
          <div
            class="relative"
          >
            <button
              class="flex items-center gap-2 bg-blue-600 hover:bg-blue-700 text-white px-4 py-2 rounded-lg transition-colors"
            >
              <span>
                ðŸŽ¯
              </span>
              <span>
                Select Models (
                0
                /8)
              </span>
              <span
                class="transform transition-transform "
              >
                â–¼
              </span>
            </button>
          </div>
        </div>
      </div>
      <div
        class="bg-gray-800 border-2 border-dashed border-gray-600 rounded-lg p-8 text-center"
      >
        <div
          class="text-gray-400 mb-2"
        >
          ðŸŽ¯
        </div>
        <h3
          class="text-lg font-medium text-gray-300 mb-2"
        >
          No Models Selected
        </h3>
        <p
          class="text-gray-400"
        >
          Configure providers and select 2-8 AI models to start comparing responses.
        </p>
      </div>
      <form
        class="space-y-4"
      >
        <textarea
          class="bg-gray-800 p-3 rounded-lg text-lg focus:outline-none focus:ring-2 focus:ring-[hsl(280,100%,70%)] w-full"
          placeholder="Enter your prompt here..."
          rows="5"
        />
        <div
          class="flex flex-col items-end gap-2"
        >
          <div
            class="text-sm text-amber-400 text-right"
          >
            Select at least 2 AI models to start
          </div>
          <button
            class="bg-[hsl(280,100%,70%)] text-white font-bold py-2 px-6 rounded-lg hover:bg-[hsl(280,100%,60%)] disabled:bg-gray-600 disabled:cursor-not-allowed"
            disabled=""
            type="submit"
          >
            Compare 0 Models
          </button>
        </div>
      </form>
    </div>
  </div>
</main>
`;

exports[`Home Page Snapshot > should match snapshot of the home page structure 1`] = `
<div
  data-testid="improved-ensemble-interface"
>
  <h1>
    AI Ensemble - Compare Multiple AI Models
  </h1>
  <div
    data-testid="configuration-section"
  >
    <h2>
      Configuration
    </h2>
    <div
      data-testid="provider-config"
    >
      Provider Configuration
    </div>
    <div
      data-testid="model-selection"
    >
      Model Selection
    </div>
  </div>
  <div
    data-testid="selected-models"
  >
    Selected Models Display
  </div>
  <div
    data-testid="query-form"
  >
    <div
      data-testid="prompt-input"
    >
      Prompt Input
    </div>
    <div
      data-testid="summarizer-selection"
    >
      Summarizer Selection
    </div>
    <button>
      Compare Models
    </button>
  </div>
  <div
    data-testid="results-section"
  >
    <div
      data-testid="consensus-response"
    >
      Consensus Response
    </div>
    <div
      data-testid="agreement-analysis"
    >
      Agreement Analysis
    </div>
    <div
      data-testid="individual-responses"
    >
      Individual Responses
    </div>
  </div>
</div>
`;
